LOW      HIGH     LINE     FILE
10000368 10000378       53 fibcall.c
10000378 10000378       54 fibcall.c
10000378 10000388       56 fibcall.c
10000388 10000390       57 fibcall.c
10000390 100003a4       58 fibcall.c
100003a4 100003ac       59 fibcall.c
100003ac 100003bc       60 fibcall.c
100003bc 100003c4       61 fibcall.c
100003c4 100003d0       62 fibcall.c
100003d0 100003d4       66 fibcall.c
100003d4 100003dc       67 fibcall.c
100003dc 100003e8       71 fibcall.c
100003e8 100003f8       72 fibcall.c
100003f8 1000040c       75 fibcall.c
1000040c 1000040c       76 fibcall.c
1000040c 10000414       78 fibcall.c
10000414 10000420       79 fibcall.c
10000420 10000438       80 fibcall.c
10000444 1000044c        2 emtpy.c
1000044c 1000045c        3 emtpy.c
00000000 00000000        3 emtpy.c
