Index p_type     p_offset p_vaddr  p_paddr  p_filesz p_memsz  p_align  p_flags
0     PT_PHDR    00000034 10000034 10000034 000000e0 000000e0 4        00000005 PF_X, PF_R
1     PT_INTERP  00000114 10000114 10000114 0000000d 0000000d 1        00000004 PF_R
2     PT_LOAD    00000000 10000000 10000000 000004d8 000004d8 10000    00000005 PF_X, PF_R
3     PT_LOAD    000004d8 100104d8 100104d8 000000f4 00000148 10000    00000007 PF_X, PF_W, PF_R
4     PT_DYNAMIC 000004e0 100104e0 100104e0 000000c8 000000c8 4        00000006 PF_W, PF_R
5     PT_NOTE    00000130 10000130 10000130 00000020 00000020 10       00000004 PF_R
