LOW      HIGH     LINE     FILE
40001170 40001184       56 ../crc.c
40001184 400011a0       58 ../crc.c
40001200 40001214       60 ../crc.c
400011b4 400011cc       61 ../crc.c
400011cc 400011f4       62 ../crc.c
400011f4 40001200       64 ../crc.c
40001214 40001220       66 ../crc.c
4000122c 40001248       71 ../crc.c
40001248 40001250       75 ../crc.c
40001250 40001270       78 ../crc.c
40001270 40001280       79 ../crc.c
4000133c 40001350       80 ../crc.c
4000129c 400012d8       81 ../crc.c
400012d8 4000133c       82 ../crc.c
40001350 4000138c       85 ../crc.c
4000138c 4000139c       86 ../crc.c
4000139c 400013e4       87 ../crc.c
400014d0 400014e4       91 ../crc.c
40001408 40001418       92 ../crc.c
40001418 40001468       93 ../crc.c
40001468 400014a0       96 ../crc.c
400014a0 400014d0       98 ../crc.c
400014e4 400014f4      100 ../crc.c
400014f4 40001504      101 ../crc.c
40001504 4000154c      104 ../crc.c
4000154c 40001558      106 ../crc.c
40001564 40001568      111 ../crc.c
40001568 40001570      116 ../crc.c
40001570 40001584      117 ../crc.c
40001584 400015a4      118 ../crc.c
400015a4 400015c8      119 ../crc.c
400015c8 400015e0      120 ../crc.c
400015e0 40001614      121 ../crc.c
40001614 40001618      122 ../crc.c
40002420 40002424       14 ../../gcc-3.4.4/gcc/config/sparc/lb1spc.asm
40002424 40002428       15 ../../gcc-3.4.4/gcc/config/sparc/lb1spc.asm
40002428 4000242c       16 ../../gcc-3.4.4/gcc/config/sparc/lb1spc.asm
4000242c 40002430       17 ../../gcc-3.4.4/gcc/config/sparc/lb1spc.asm
40002430 40002434       18 ../../gcc-3.4.4/gcc/config/sparc/lb1spc.asm
40002434 40002438       22 ../../gcc-3.4.4/gcc/config/sparc/lb1spc.asm
40002438 4000243c       23 ../../gcc-3.4.4/gcc/config/sparc/lb1spc.asm
4000243c 40002440       24 ../../gcc-3.4.4/gcc/config/sparc/lb1spc.asm
40002440 40002444       25 ../../gcc-3.4.4/gcc/config/sparc/lb1spc.asm
40002444 40002448       26 ../../gcc-3.4.4/gcc/config/sparc/lb1spc.asm
40002448 4000244c       27 ../../gcc-3.4.4/gcc/config/sparc/lb1spc.asm
4000244c 40002450       28 ../../gcc-3.4.4/gcc/config/sparc/lb1spc.asm
40002450 40002454       29 ../../gcc-3.4.4/gcc/config/sparc/lb1spc.asm
40002454 40002458       30 ../../gcc-3.4.4/gcc/config/sparc/lb1spc.asm
40002458 4000245c       31 ../../gcc-3.4.4/gcc/config/sparc/lb1spc.asm
4000245c 40002460       32 ../../gcc-3.4.4/gcc/config/sparc/lb1spc.asm
40002460 40002464       33 ../../gcc-3.4.4/gcc/config/sparc/lb1spc.asm
40002464 40002468       34 ../../gcc-3.4.4/gcc/config/sparc/lb1spc.asm
40002468 4000246c       35 ../../gcc-3.4.4/gcc/config/sparc/lb1spc.asm
4000246c 40002470       36 ../../gcc-3.4.4/gcc/config/sparc/lb1spc.asm
40002470 40002474       37 ../../gcc-3.4.4/gcc/config/sparc/lb1spc.asm
40002474 40002478       38 ../../gcc-3.4.4/gcc/config/sparc/lb1spc.asm
40002478 4000247c       39 ../../gcc-3.4.4/gcc/config/sparc/lb1spc.asm
4000247c 40002480       40 ../../gcc-3.4.4/gcc/config/sparc/lb1spc.asm
40002480 40002484       41 ../../gcc-3.4.4/gcc/config/sparc/lb1spc.asm
40002484 40002488       42 ../../gcc-3.4.4/gcc/config/sparc/lb1spc.asm
40002488 4000248c       43 ../../gcc-3.4.4/gcc/config/sparc/lb1spc.asm
4000248c 40002490       44 ../../gcc-3.4.4/gcc/config/sparc/lb1spc.asm
40002490 40002494       45 ../../gcc-3.4.4/gcc/config/sparc/lb1spc.asm
40002494 40002498       46 ../../gcc-3.4.4/gcc/config/sparc/lb1spc.asm
40002498 4000249c       47 ../../gcc-3.4.4/gcc/config/sparc/lb1spc.asm
4000249c 400024a0       48 ../../gcc-3.4.4/gcc/config/sparc/lb1spc.asm
400024a0 400024a4       49 ../../gcc-3.4.4/gcc/config/sparc/lb1spc.asm
400024a4 400024a8       50 ../../gcc-3.4.4/gcc/config/sparc/lb1spc.asm
400024a8 400024ac       51 ../../gcc-3.4.4/gcc/config/sparc/lb1spc.asm
400024ac 400024b0       52 ../../gcc-3.4.4/gcc/config/sparc/lb1spc.asm
400024b0 400024b4       53 ../../gcc-3.4.4/gcc/config/sparc/lb1spc.asm
400024b4 400024b8       54 ../../gcc-3.4.4/gcc/config/sparc/lb1spc.asm
400024b8 400024bc       56 ../../gcc-3.4.4/gcc/config/sparc/lb1spc.asm
400024bc 400024c0       57 ../../gcc-3.4.4/gcc/config/sparc/lb1spc.asm
400024c0 400024c4       62 ../../gcc-3.4.4/gcc/config/sparc/lb1spc.asm
400024c4 400024c8       63 ../../gcc-3.4.4/gcc/config/sparc/lb1spc.asm
400024c8 400024cc       64 ../../gcc-3.4.4/gcc/config/sparc/lb1spc.asm
400024cc 400024d0       65 ../../gcc-3.4.4/gcc/config/sparc/lb1spc.asm
400024d0 400024d4       66 ../../gcc-3.4.4/gcc/config/sparc/lb1spc.asm
400024d4 400024d8       67 ../../gcc-3.4.4/gcc/config/sparc/lb1spc.asm
400024d8 400024dc       68 ../../gcc-3.4.4/gcc/config/sparc/lb1spc.asm
400024dc 400024e0       69 ../../gcc-3.4.4/gcc/config/sparc/lb1spc.asm
400024e0 400024e4       70 ../../gcc-3.4.4/gcc/config/sparc/lb1spc.asm
400024e4 400024e8       71 ../../gcc-3.4.4/gcc/config/sparc/lb1spc.asm
400024e8 400024ec       72 ../../gcc-3.4.4/gcc/config/sparc/lb1spc.asm
400024ec 400024f0       73 ../../gcc-3.4.4/gcc/config/sparc/lb1spc.asm
400024f0 400024f4       74 ../../gcc-3.4.4/gcc/config/sparc/lb1spc.asm
400024f4 400024f8       75 ../../gcc-3.4.4/gcc/config/sparc/lb1spc.asm
400024f8 400024fc       76 ../../gcc-3.4.4/gcc/config/sparc/lb1spc.asm
400024fc 40002500       77 ../../gcc-3.4.4/gcc/config/sparc/lb1spc.asm
40002500 40002504       78 ../../gcc-3.4.4/gcc/config/sparc/lb1spc.asm
40002508 4000250c      123 ../../gcc-3.4.4/gcc/config/sparc/lb1spc.asm
4000250c 40002510      124 ../../gcc-3.4.4/gcc/config/sparc/lb1spc.asm
40002510 40002514      132 ../../gcc-3.4.4/gcc/config/sparc/lb1spc.asm
40002514 40002518      133 ../../gcc-3.4.4/gcc/config/sparc/lb1spc.asm
40002518 4000251c      134 ../../gcc-3.4.4/gcc/config/sparc/lb1spc.asm
4000251c 40002520      135 ../../gcc-3.4.4/gcc/config/sparc/lb1spc.asm
40002520 40002524      136 ../../gcc-3.4.4/gcc/config/sparc/lb1spc.asm
40002524 40002528      137 ../../gcc-3.4.4/gcc/config/sparc/lb1spc.asm
40002528 4000252c      139 ../../gcc-3.4.4/gcc/config/sparc/lb1spc.asm
4000252c 40002530      140 ../../gcc-3.4.4/gcc/config/sparc/lb1spc.asm
40002530 40002534      142 ../../gcc-3.4.4/gcc/config/sparc/lb1spc.asm
40002534 40002538      148 ../../gcc-3.4.4/gcc/config/sparc/lb1spc.asm
40002538 4000253c      149 ../../gcc-3.4.4/gcc/config/sparc/lb1spc.asm
4000253c 40002540      150 ../../gcc-3.4.4/gcc/config/sparc/lb1spc.asm
40002540 40002544      154 ../../gcc-3.4.4/gcc/config/sparc/lb1spc.asm
40002544 40002548      155 ../../gcc-3.4.4/gcc/config/sparc/lb1spc.asm
40002548 4000254c      156 ../../gcc-3.4.4/gcc/config/sparc/lb1spc.asm
4000254c 40002550      159 ../../gcc-3.4.4/gcc/config/sparc/lb1spc.asm
40002550 40002554      160 ../../gcc-3.4.4/gcc/config/sparc/lb1spc.asm
40002554 40002558      161 ../../gcc-3.4.4/gcc/config/sparc/lb1spc.asm
40002558 4000255c      162 ../../gcc-3.4.4/gcc/config/sparc/lb1spc.asm
4000255c 40002560      163 ../../gcc-3.4.4/gcc/config/sparc/lb1spc.asm
40002560 40002564      164 ../../gcc-3.4.4/gcc/config/sparc/lb1spc.asm
40002564 40002568      165 ../../gcc-3.4.4/gcc/config/sparc/lb1spc.asm
40002568 4000256c      173 ../../gcc-3.4.4/gcc/config/sparc/lb1spc.asm
4000256c 40002570      174 ../../gcc-3.4.4/gcc/config/sparc/lb1spc.asm
40002570 40002574      175 ../../gcc-3.4.4/gcc/config/sparc/lb1spc.asm
40002574 40002578      176 ../../gcc-3.4.4/gcc/config/sparc/lb1spc.asm
40002578 4000257c      177 ../../gcc-3.4.4/gcc/config/sparc/lb1spc.asm
4000257c 40002580      178 ../../gcc-3.4.4/gcc/config/sparc/lb1spc.asm
40002580 40002584      181 ../../gcc-3.4.4/gcc/config/sparc/lb1spc.asm
40002584 40002588      182 ../../gcc-3.4.4/gcc/config/sparc/lb1spc.asm
40002588 4000258c      183 ../../gcc-3.4.4/gcc/config/sparc/lb1spc.asm
4000258c 40002590      188 ../../gcc-3.4.4/gcc/config/sparc/lb1spc.asm
40002590 40002594      189 ../../gcc-3.4.4/gcc/config/sparc/lb1spc.asm
40002594 40002598      190 ../../gcc-3.4.4/gcc/config/sparc/lb1spc.asm
40002598 4000259c      191 ../../gcc-3.4.4/gcc/config/sparc/lb1spc.asm
4000259c 400025a0      192 ../../gcc-3.4.4/gcc/config/sparc/lb1spc.asm
400025a0 400025a4      195 ../../gcc-3.4.4/gcc/config/sparc/lb1spc.asm
400025a4 400025a8      196 ../../gcc-3.4.4/gcc/config/sparc/lb1spc.asm
400025a8 400025ac      197 ../../gcc-3.4.4/gcc/config/sparc/lb1spc.asm
400025ac 400025b0      198 ../../gcc-3.4.4/gcc/config/sparc/lb1spc.asm
400025b0 400025b4      199 ../../gcc-3.4.4/gcc/config/sparc/lb1spc.asm
400025b4 400025b8      214 ../../gcc-3.4.4/gcc/config/sparc/lb1spc.asm
400025b8 400025bc      215 ../../gcc-3.4.4/gcc/config/sparc/lb1spc.asm
400025bc 400025c0      216 ../../gcc-3.4.4/gcc/config/sparc/lb1spc.asm
400025c0 400025c4      217 ../../gcc-3.4.4/gcc/config/sparc/lb1spc.asm
400025c4 400025c8      218 ../../gcc-3.4.4/gcc/config/sparc/lb1spc.asm
400025c8 400025cc      219 ../../gcc-3.4.4/gcc/config/sparc/lb1spc.asm
400025cc 400025d0      220 ../../gcc-3.4.4/gcc/config/sparc/lb1spc.asm
400025d0 400025d4      222 ../../gcc-3.4.4/gcc/config/sparc/lb1spc.asm
400025d4 400025d8      223 ../../gcc-3.4.4/gcc/config/sparc/lb1spc.asm
400025d8 400025dc      224 ../../gcc-3.4.4/gcc/config/sparc/lb1spc.asm
400025dc 400025e0      226 ../../gcc-3.4.4/gcc/config/sparc/lb1spc.asm
400025e0 400025e4      227 ../../gcc-3.4.4/gcc/config/sparc/lb1spc.asm
400025e4 400025e8      228 ../../gcc-3.4.4/gcc/config/sparc/lb1spc.asm
400025e8 400025ec      230 ../../gcc-3.4.4/gcc/config/sparc/lb1spc.asm
400025ec 400025f0      231 ../../gcc-3.4.4/gcc/config/sparc/lb1spc.asm
400025f0 400025f4      234 ../../gcc-3.4.4/gcc/config/sparc/lb1spc.asm
400025f4 400025f8      235 ../../gcc-3.4.4/gcc/config/sparc/lb1spc.asm
400025f8 400025fc      236 ../../gcc-3.4.4/gcc/config/sparc/lb1spc.asm
400025fc 40002600      237 ../../gcc-3.4.4/gcc/config/sparc/lb1spc.asm
40002600 40002604      241 ../../gcc-3.4.4/gcc/config/sparc/lb1spc.asm
40002604 40002608      242 ../../gcc-3.4.4/gcc/config/sparc/lb1spc.asm
40002608 4000260c      243 ../../gcc-3.4.4/gcc/config/sparc/lb1spc.asm
4000260c 40002610      244 ../../gcc-3.4.4/gcc/config/sparc/lb1spc.asm
40002610 40002614      245 ../../gcc-3.4.4/gcc/config/sparc/lb1spc.asm
40002614 40002618      246 ../../gcc-3.4.4/gcc/config/sparc/lb1spc.asm
40002618 4000261c      248 ../../gcc-3.4.4/gcc/config/sparc/lb1spc.asm
4000261c 40002620      250 ../../gcc-3.4.4/gcc/config/sparc/lb1spc.asm
40002620 40002624      252 ../../gcc-3.4.4/gcc/config/sparc/lb1spc.asm
40002624 40002628      253 ../../gcc-3.4.4/gcc/config/sparc/lb1spc.asm
40002628 4000262c      255 ../../gcc-3.4.4/gcc/config/sparc/lb1spc.asm
4000262c 40002630      257 ../../gcc-3.4.4/gcc/config/sparc/lb1spc.asm
40002630 40002634      258 ../../gcc-3.4.4/gcc/config/sparc/lb1spc.asm
40002634 40002638      260 ../../gcc-3.4.4/gcc/config/sparc/lb1spc.asm
40002638 4000263c      262 ../../gcc-3.4.4/gcc/config/sparc/lb1spc.asm
4000263c 40002640      263 ../../gcc-3.4.4/gcc/config/sparc/lb1spc.asm
40002640 40002644      265 ../../gcc-3.4.4/gcc/config/sparc/lb1spc.asm
40002644 40002648      267 ../../gcc-3.4.4/gcc/config/sparc/lb1spc.asm
40002648 4000264c      268 ../../gcc-3.4.4/gcc/config/sparc/lb1spc.asm
4000264c 40002650      270 ../../gcc-3.4.4/gcc/config/sparc/lb1spc.asm
40002650 40002654      271 ../../gcc-3.4.4/gcc/config/sparc/lb1spc.asm
40002654 40002658      272 ../../gcc-3.4.4/gcc/config/sparc/lb1spc.asm
40002658 4000265c      276 ../../gcc-3.4.4/gcc/config/sparc/lb1spc.asm
4000265c 40002660      277 ../../gcc-3.4.4/gcc/config/sparc/lb1spc.asm
40002660 40002664      278 ../../gcc-3.4.4/gcc/config/sparc/lb1spc.asm
40002664 40002668      283 ../../gcc-3.4.4/gcc/config/sparc/lb1spc.asm
40002668 4000266c      285 ../../gcc-3.4.4/gcc/config/sparc/lb1spc.asm
4000266c 40002670      286 ../../gcc-3.4.4/gcc/config/sparc/lb1spc.asm
40002670 40002674      288 ../../gcc-3.4.4/gcc/config/sparc/lb1spc.asm
40002674 40002678      289 ../../gcc-3.4.4/gcc/config/sparc/lb1spc.asm
40002678 4000267c      290 ../../gcc-3.4.4/gcc/config/sparc/lb1spc.asm
4000267c 40002680      294 ../../gcc-3.4.4/gcc/config/sparc/lb1spc.asm
40002680 40002684      295 ../../gcc-3.4.4/gcc/config/sparc/lb1spc.asm
40002684 40002688      296 ../../gcc-3.4.4/gcc/config/sparc/lb1spc.asm
40002688 4000268c      300 ../../gcc-3.4.4/gcc/config/sparc/lb1spc.asm
4000268c 40002690      302 ../../gcc-3.4.4/gcc/config/sparc/lb1spc.asm
40002690 40002694      303 ../../gcc-3.4.4/gcc/config/sparc/lb1spc.asm
40002694 40002698      305 ../../gcc-3.4.4/gcc/config/sparc/lb1spc.asm
40002698 4000269c      307 ../../gcc-3.4.4/gcc/config/sparc/lb1spc.asm
4000269c 400026a0      308 ../../gcc-3.4.4/gcc/config/sparc/lb1spc.asm
400026a0 400026a4      310 ../../gcc-3.4.4/gcc/config/sparc/lb1spc.asm
400026a4 400026a8      311 ../../gcc-3.4.4/gcc/config/sparc/lb1spc.asm
400026a8 400026ac      312 ../../gcc-3.4.4/gcc/config/sparc/lb1spc.asm
400026ac 400026b0      316 ../../gcc-3.4.4/gcc/config/sparc/lb1spc.asm
400026b0 400026b4      317 ../../gcc-3.4.4/gcc/config/sparc/lb1spc.asm
400026b4 400026b8      318 ../../gcc-3.4.4/gcc/config/sparc/lb1spc.asm
400026b8 400026bc      322 ../../gcc-3.4.4/gcc/config/sparc/lb1spc.asm
400026bc 400026c0      324 ../../gcc-3.4.4/gcc/config/sparc/lb1spc.asm
400026c0 400026c4      325 ../../gcc-3.4.4/gcc/config/sparc/lb1spc.asm
400026c4 400026c8      327 ../../gcc-3.4.4/gcc/config/sparc/lb1spc.asm
400026c8 400026cc      328 ../../gcc-3.4.4/gcc/config/sparc/lb1spc.asm
400026cc 400026d0      329 ../../gcc-3.4.4/gcc/config/sparc/lb1spc.asm
400026d0 400026d4      333 ../../gcc-3.4.4/gcc/config/sparc/lb1spc.asm
400026d4 400026d8      334 ../../gcc-3.4.4/gcc/config/sparc/lb1spc.asm
400026d8 400026dc      335 ../../gcc-3.4.4/gcc/config/sparc/lb1spc.asm
400026dc 400026e0      339 ../../gcc-3.4.4/gcc/config/sparc/lb1spc.asm
400026e0 400026e4      341 ../../gcc-3.4.4/gcc/config/sparc/lb1spc.asm
400026e4 400026e8      342 ../../gcc-3.4.4/gcc/config/sparc/lb1spc.asm
400026e8 400026ec      344 ../../gcc-3.4.4/gcc/config/sparc/lb1spc.asm
400026ec 400026f0      346 ../../gcc-3.4.4/gcc/config/sparc/lb1spc.asm
400026f0 400026f4      347 ../../gcc-3.4.4/gcc/config/sparc/lb1spc.asm
400026f4 400026f8      349 ../../gcc-3.4.4/gcc/config/sparc/lb1spc.asm
400026f8 400026fc      351 ../../gcc-3.4.4/gcc/config/sparc/lb1spc.asm
400026fc 40002700      352 ../../gcc-3.4.4/gcc/config/sparc/lb1spc.asm
40002700 40002704      354 ../../gcc-3.4.4/gcc/config/sparc/lb1spc.asm
40002704 40002708      355 ../../gcc-3.4.4/gcc/config/sparc/lb1spc.asm
40002708 4000270c      356 ../../gcc-3.4.4/gcc/config/sparc/lb1spc.asm
4000270c 40002710      360 ../../gcc-3.4.4/gcc/config/sparc/lb1spc.asm
40002710 40002714      361 ../../gcc-3.4.4/gcc/config/sparc/lb1spc.asm
40002714 40002718      362 ../../gcc-3.4.4/gcc/config/sparc/lb1spc.asm
40002718 4000271c      366 ../../gcc-3.4.4/gcc/config/sparc/lb1spc.asm
4000271c 40002720      368 ../../gcc-3.4.4/gcc/config/sparc/lb1spc.asm
40002720 40002724      369 ../../gcc-3.4.4/gcc/config/sparc/lb1spc.asm
40002724 40002728      371 ../../gcc-3.4.4/gcc/config/sparc/lb1spc.asm
40002728 4000272c      372 ../../gcc-3.4.4/gcc/config/sparc/lb1spc.asm
4000272c 40002730      373 ../../gcc-3.4.4/gcc/config/sparc/lb1spc.asm
40002730 40002734      377 ../../gcc-3.4.4/gcc/config/sparc/lb1spc.asm
40002734 40002738      378 ../../gcc-3.4.4/gcc/config/sparc/lb1spc.asm
40002738 4000273c      379 ../../gcc-3.4.4/gcc/config/sparc/lb1spc.asm
4000273c 40002740      383 ../../gcc-3.4.4/gcc/config/sparc/lb1spc.asm
40002740 40002744      385 ../../gcc-3.4.4/gcc/config/sparc/lb1spc.asm
40002744 40002748      386 ../../gcc-3.4.4/gcc/config/sparc/lb1spc.asm
40002748 4000274c      388 ../../gcc-3.4.4/gcc/config/sparc/lb1spc.asm
4000274c 40002750      390 ../../gcc-3.4.4/gcc/config/sparc/lb1spc.asm
40002750 40002754      391 ../../gcc-3.4.4/gcc/config/sparc/lb1spc.asm
40002754 40002758      393 ../../gcc-3.4.4/gcc/config/sparc/lb1spc.asm
40002758 4000275c      394 ../../gcc-3.4.4/gcc/config/sparc/lb1spc.asm
4000275c 40002760      395 ../../gcc-3.4.4/gcc/config/sparc/lb1spc.asm
40002760 40002764      399 ../../gcc-3.4.4/gcc/config/sparc/lb1spc.asm
40002764 40002768      400 ../../gcc-3.4.4/gcc/config/sparc/lb1spc.asm
40002768 4000276c      401 ../../gcc-3.4.4/gcc/config/sparc/lb1spc.asm
4000276c 40002770      405 ../../gcc-3.4.4/gcc/config/sparc/lb1spc.asm
40002770 40002774      407 ../../gcc-3.4.4/gcc/config/sparc/lb1spc.asm
40002774 40002778      408 ../../gcc-3.4.4/gcc/config/sparc/lb1spc.asm
40002778 4000277c      410 ../../gcc-3.4.4/gcc/config/sparc/lb1spc.asm
4000277c 40002780      411 ../../gcc-3.4.4/gcc/config/sparc/lb1spc.asm
40002780 40002784      412 ../../gcc-3.4.4/gcc/config/sparc/lb1spc.asm
40002784 40002788      416 ../../gcc-3.4.4/gcc/config/sparc/lb1spc.asm
40002788 4000278c      417 ../../gcc-3.4.4/gcc/config/sparc/lb1spc.asm
4000278c 40002790      418 ../../gcc-3.4.4/gcc/config/sparc/lb1spc.asm
40002790 40002794      422 ../../gcc-3.4.4/gcc/config/sparc/lb1spc.asm
40002794 40002798      423 ../../gcc-3.4.4/gcc/config/sparc/lb1spc.asm
40002798 4000279c      424 ../../gcc-3.4.4/gcc/config/sparc/lb1spc.asm
4000279c 400027a0      425 ../../gcc-3.4.4/gcc/config/sparc/lb1spc.asm
400027a0 400027a4      427 ../../gcc-3.4.4/gcc/config/sparc/lb1spc.asm
400027a4 400027a8      432 ../../gcc-3.4.4/gcc/config/sparc/lb1spc.asm
400027a8 400027ac      433 ../../gcc-3.4.4/gcc/config/sparc/lb1spc.asm
400027ac 400027b0      434 ../../gcc-3.4.4/gcc/config/sparc/lb1spc.asm
400027b0 400027b4      436 ../../gcc-3.4.4/gcc/config/sparc/lb1spc.asm
40001000 40001004       29 ../../../../newlib-1.13.0/libgloss/sparc_leon/crt0.S
40001004 40001008       36 ../../../../newlib-1.13.0/libgloss/sparc_leon/crt0.S
40001008 4000100c       37 ../../../../newlib-1.13.0/libgloss/sparc_leon/crt0.S
4000100c 40001010       38 ../../../../newlib-1.13.0/libgloss/sparc_leon/crt0.S
40001010 40001014       39 ../../../../newlib-1.13.0/libgloss/sparc_leon/crt0.S
40001014 40001018       40 ../../../../newlib-1.13.0/libgloss/sparc_leon/crt0.S
40001018 4000101c       41 ../../../../newlib-1.13.0/libgloss/sparc_leon/crt0.S
4000101c 40001020       43 ../../../../newlib-1.13.0/libgloss/sparc_leon/crt0.S
40001020 40001024       44 ../../../../newlib-1.13.0/libgloss/sparc_leon/crt0.S
40001024 40001028       45 ../../../../newlib-1.13.0/libgloss/sparc_leon/crt0.S
40001028 40001030       47 ../../../../newlib-1.13.0/libgloss/sparc_leon/crt0.S
40001030 40001034       48 ../../../../newlib-1.13.0/libgloss/sparc_leon/crt0.S
40001034 40001038       50 ../../../../newlib-1.13.0/libgloss/sparc_leon/crt0.S
40001038 4000103c       51 ../../../../newlib-1.13.0/libgloss/sparc_leon/crt0.S
4000103c 40001040       53 ../../../../newlib-1.13.0/libgloss/sparc_leon/crt0.S
40001040 40001044       54 ../../../../newlib-1.13.0/libgloss/sparc_leon/crt0.S
40001044 40001048       56 ../../../../newlib-1.13.0/libgloss/sparc_leon/crt0.S
40001048 4000104c       57 ../../../../newlib-1.13.0/libgloss/sparc_leon/crt0.S
4000104c 40001054       59 ../../../../newlib-1.13.0/libgloss/sparc_leon/crt0.S
40001054 40001058       60 ../../../../newlib-1.13.0/libgloss/sparc_leon/crt0.S
40001058 4000105c       61 ../../../../newlib-1.13.0/libgloss/sparc_leon/crt0.S
4000105c 40001060       63 ../../../../newlib-1.13.0/libgloss/sparc_leon/crt0.S
40001060 40001064       64 ../../../../newlib-1.13.0/libgloss/sparc_leon/crt0.S
40001064 40001068       66 ../../../../newlib-1.13.0/libgloss/sparc_leon/crt0.S
40001068 4000106c       67 ../../../../newlib-1.13.0/libgloss/sparc_leon/crt0.S
4000106c 40001070       68 ../../../../newlib-1.13.0/libgloss/sparc_leon/crt0.S
40001070 40001074       69 ../../../../newlib-1.13.0/libgloss/sparc_leon/crt0.S
40001074 40001078       71 ../../../../newlib-1.13.0/libgloss/sparc_leon/crt0.S
40000000 40000010       58 ../../../../newlib-1.13.0/libgloss/sparc_leon/locore_mvt.S
40000010 40000020       59 ../../../../newlib-1.13.0/libgloss/sparc_leon/locore_mvt.S
40000020 40000030       60 ../../../../newlib-1.13.0/libgloss/sparc_leon/locore_mvt.S
40000030 40000040       61 ../../../../newlib-1.13.0/libgloss/sparc_leon/locore_mvt.S
40000040 40000050       63 ../../../../newlib-1.13.0/libgloss/sparc_leon/locore_mvt.S
40000050 40000060       68 ../../../../newlib-1.13.0/libgloss/sparc_leon/locore_mvt.S
40000060 40000070       69 ../../../../newlib-1.13.0/libgloss/sparc_leon/locore_mvt.S
40000070 40000080       73 ../../../../newlib-1.13.0/libgloss/sparc_leon/locore_mvt.S
40000080 40000090       74 ../../../../newlib-1.13.0/libgloss/sparc_leon/locore_mvt.S
40000090 400000a0       75 ../../../../newlib-1.13.0/libgloss/sparc_leon/locore_mvt.S
400000a0 400000b0       76 ../../../../newlib-1.13.0/libgloss/sparc_leon/locore_mvt.S
400000b0 400000c0       78 ../../../../newlib-1.13.0/libgloss/sparc_leon/locore_mvt.S
400000c0 400000d0       79 ../../../../newlib-1.13.0/libgloss/sparc_leon/locore_mvt.S
400000d0 400000e0       80 ../../../../newlib-1.13.0/libgloss/sparc_leon/locore_mvt.S
400000e0 400000f0       81 ../../../../newlib-1.13.0/libgloss/sparc_leon/locore_mvt.S
400000f0 40000100       82 ../../../../newlib-1.13.0/libgloss/sparc_leon/locore_mvt.S
40000100 40000110       83 ../../../../newlib-1.13.0/libgloss/sparc_leon/locore_mvt.S
40000110 40000120       86 ../../../../newlib-1.13.0/libgloss/sparc_leon/locore_mvt.S
40000120 40000130       87 ../../../../newlib-1.13.0/libgloss/sparc_leon/locore_mvt.S
40000130 40000140       88 ../../../../newlib-1.13.0/libgloss/sparc_leon/locore_mvt.S
40000140 40000150       89 ../../../../newlib-1.13.0/libgloss/sparc_leon/locore_mvt.S
40000150 40000160       90 ../../../../newlib-1.13.0/libgloss/sparc_leon/locore_mvt.S
40000160 40000170       91 ../../../../newlib-1.13.0/libgloss/sparc_leon/locore_mvt.S
40000170 40000180       92 ../../../../newlib-1.13.0/libgloss/sparc_leon/locore_mvt.S
40000180 40000190       93 ../../../../newlib-1.13.0/libgloss/sparc_leon/locore_mvt.S
40000190 400001a0       94 ../../../../newlib-1.13.0/libgloss/sparc_leon/locore_mvt.S
400001a0 400001b0       95 ../../../../newlib-1.13.0/libgloss/sparc_leon/locore_mvt.S
400001b0 400001c0       96 ../../../../newlib-1.13.0/libgloss/sparc_leon/locore_mvt.S
400001c0 400001d0       97 ../../../../newlib-1.13.0/libgloss/sparc_leon/locore_mvt.S
400001d0 400001e0       98 ../../../../newlib-1.13.0/libgloss/sparc_leon/locore_mvt.S
400001e0 400001f0       99 ../../../../newlib-1.13.0/libgloss/sparc_leon/locore_mvt.S
400001f0 40000200      100 ../../../../newlib-1.13.0/libgloss/sparc_leon/locore_mvt.S
40000200 40000240      101 ../../../../newlib-1.13.0/libgloss/sparc_leon/locore_mvt.S
40000240 40000250      102 ../../../../newlib-1.13.0/libgloss/sparc_leon/locore_mvt.S
40000250 40000280      103 ../../../../newlib-1.13.0/libgloss/sparc_leon/locore_mvt.S
40000280 40000290      104 ../../../../newlib-1.13.0/libgloss/sparc_leon/locore_mvt.S
40000290 400002c0      105 ../../../../newlib-1.13.0/libgloss/sparc_leon/locore_mvt.S
400002c0 40000300      106 ../../../../newlib-1.13.0/libgloss/sparc_leon/locore_mvt.S
40000300 40000340      107 ../../../../newlib-1.13.0/libgloss/sparc_leon/locore_mvt.S
40000340 40000380      108 ../../../../newlib-1.13.0/libgloss/sparc_leon/locore_mvt.S
40000380 400003c0      109 ../../../../newlib-1.13.0/libgloss/sparc_leon/locore_mvt.S
400003c0 40000400      110 ../../../../newlib-1.13.0/libgloss/sparc_leon/locore_mvt.S
40000400 40000440      111 ../../../../newlib-1.13.0/libgloss/sparc_leon/locore_mvt.S
40000440 40000480      112 ../../../../newlib-1.13.0/libgloss/sparc_leon/locore_mvt.S
40000480 400004c0      113 ../../../../newlib-1.13.0/libgloss/sparc_leon/locore_mvt.S
400004c0 40000500      114 ../../../../newlib-1.13.0/libgloss/sparc_leon/locore_mvt.S
40000500 40000540      115 ../../../../newlib-1.13.0/libgloss/sparc_leon/locore_mvt.S
40000540 40000580      116 ../../../../newlib-1.13.0/libgloss/sparc_leon/locore_mvt.S
40000580 400005c0      117 ../../../../newlib-1.13.0/libgloss/sparc_leon/locore_mvt.S
400005c0 40000600      118 ../../../../newlib-1.13.0/libgloss/sparc_leon/locore_mvt.S
40000600 40000640      119 ../../../../newlib-1.13.0/libgloss/sparc_leon/locore_mvt.S
40000640 40000680      120 ../../../../newlib-1.13.0/libgloss/sparc_leon/locore_mvt.S
40000680 400006c0      121 ../../../../newlib-1.13.0/libgloss/sparc_leon/locore_mvt.S
400006c0 40000700      122 ../../../../newlib-1.13.0/libgloss/sparc_leon/locore_mvt.S
40000700 40000740      123 ../../../../newlib-1.13.0/libgloss/sparc_leon/locore_mvt.S
40000740 40000780      124 ../../../../newlib-1.13.0/libgloss/sparc_leon/locore_mvt.S
40000780 400007c0      125 ../../../../newlib-1.13.0/libgloss/sparc_leon/locore_mvt.S
400007c0 40000800      126 ../../../../newlib-1.13.0/libgloss/sparc_leon/locore_mvt.S
40000800 40000830      129 ../../../../newlib-1.13.0/libgloss/sparc_leon/locore_mvt.S
40000830 40000840      131 ../../../../newlib-1.13.0/libgloss/sparc_leon/locore_mvt.S
40000840 40000850      135 ../../../../newlib-1.13.0/libgloss/sparc_leon/locore_mvt.S
40000850 40000860      136 ../../../../newlib-1.13.0/libgloss/sparc_leon/locore_mvt.S
40000860 40000880      137 ../../../../newlib-1.13.0/libgloss/sparc_leon/locore_mvt.S
40000880 400008c0      138 ../../../../newlib-1.13.0/libgloss/sparc_leon/locore_mvt.S
400008c0 40000900      139 ../../../../newlib-1.13.0/libgloss/sparc_leon/locore_mvt.S
40000900 40000940      140 ../../../../newlib-1.13.0/libgloss/sparc_leon/locore_mvt.S
40000940 40000980      141 ../../../../newlib-1.13.0/libgloss/sparc_leon/locore_mvt.S
40000980 400009c0      142 ../../../../newlib-1.13.0/libgloss/sparc_leon/locore_mvt.S
400009c0 40000a00      143 ../../../../newlib-1.13.0/libgloss/sparc_leon/locore_mvt.S
40000a00 40000a40      144 ../../../../newlib-1.13.0/libgloss/sparc_leon/locore_mvt.S
40000a40 40000a80      145 ../../../../newlib-1.13.0/libgloss/sparc_leon/locore_mvt.S
40000a80 40000ac0      146 ../../../../newlib-1.13.0/libgloss/sparc_leon/locore_mvt.S
40000ac0 40000b00      147 ../../../../newlib-1.13.0/libgloss/sparc_leon/locore_mvt.S
40000b00 40000b40      148 ../../../../newlib-1.13.0/libgloss/sparc_leon/locore_mvt.S
40000b40 40000b80      149 ../../../../newlib-1.13.0/libgloss/sparc_leon/locore_mvt.S
40000b80 40000bc0      150 ../../../../newlib-1.13.0/libgloss/sparc_leon/locore_mvt.S
40000bc0 40000c00      151 ../../../../newlib-1.13.0/libgloss/sparc_leon/locore_mvt.S
40000c00 40000c40      152 ../../../../newlib-1.13.0/libgloss/sparc_leon/locore_mvt.S
40000c40 40000c80      153 ../../../../newlib-1.13.0/libgloss/sparc_leon/locore_mvt.S
40000c80 40000cc0      154 ../../../../newlib-1.13.0/libgloss/sparc_leon/locore_mvt.S
40000cc0 40000d00      155 ../../../../newlib-1.13.0/libgloss/sparc_leon/locore_mvt.S
40000d00 40000d40      156 ../../../../newlib-1.13.0/libgloss/sparc_leon/locore_mvt.S
40000d40 40000d80      157 ../../../../newlib-1.13.0/libgloss/sparc_leon/locore_mvt.S
40000d80 40000dc0      158 ../../../../newlib-1.13.0/libgloss/sparc_leon/locore_mvt.S
40000dc0 40000e00      159 ../../../../newlib-1.13.0/libgloss/sparc_leon/locore_mvt.S
40000e00 40000e40      160 ../../../../newlib-1.13.0/libgloss/sparc_leon/locore_mvt.S
40000e40 40000e80      161 ../../../../newlib-1.13.0/libgloss/sparc_leon/locore_mvt.S
40000e80 40000ec0      162 ../../../../newlib-1.13.0/libgloss/sparc_leon/locore_mvt.S
40000ec0 40000f00      163 ../../../../newlib-1.13.0/libgloss/sparc_leon/locore_mvt.S
40000f00 40000f40      164 ../../../../newlib-1.13.0/libgloss/sparc_leon/locore_mvt.S
40000f40 40000f80      165 ../../../../newlib-1.13.0/libgloss/sparc_leon/locore_mvt.S
40000f80 40000fc0      166 ../../../../newlib-1.13.0/libgloss/sparc_leon/locore_mvt.S
00000000 00000000      166 ../../../../newlib-1.13.0/libgloss/sparc_leon/locore_mvt.S
